---
source: tests/shims_test.rs
expression: "std::fs::read_to_string(sandbox.path().join(\".proto/shims\").join(if cfg!(windows)\n                    {\n                    format!(\"{}.cmd\", \"deno-test\")\n                } else { \"deno-test\".to_string() })).unwrap()"
---
#!/usr/bin/env bash
set -e

if [ -n "$PROTO_DEBUG" ]; then
    set -x
    echo "Running with deno-test.sh shim"
fi

exec proto run deno-test --  "$@" 

